============================= test session starts ==============================
platform linux -- Python 3.11.14, pytest-7.4.4, pluggy-1.6.0 -- /usr/local/bin/python3.11
cachedir: .pytest_cache
rootdir: /app
plugins: anyio-4.12.1, asyncio-0.23.8
asyncio: mode=Mode.STRICT
collecting ... collected 1 item

tests/test_e2e_workflow.py::TestE2EWorkflow::test_complete_workflow 
=== Step 1: Upload CSV ===
✓ Dataset uploaded: fcb95d9d-0939-46af-8efd-b36cbc728c45
  - Rows: 10
  - Columns: 13

=== Step 2: Detect Sensitive Data ===
✓ Detection completed:
  - Direct identifiers: 6
  - Quasi-identifiers: 5
  - Sensitive: 2
  - Overall risk: 31.2%

=== Step 3: Assess Risk (Before) ===
✓ Risk assessment (before):
  - Overall score: 82.1%
  - Individualization: 100.0%
  - Correlation: 84.6%
  - Inference: 50.0%
  - Law 25 compliant: False

=== Step 4: Anonymize Dataset ===
FAILED

=================================== FAILURES ===================================
____________________ TestE2EWorkflow.test_complete_workflow ____________________

self = <sqlalchemy.engine.base.Connection object at 0xffff6ec97cd0>
dialect = <sqlalchemy.dialects.postgresql.psycopg2.PGDialect_psycopg2 object at 0xffff8d06f390>
constructor = <bound method DefaultExecutionContext._init_compiled of <class 'sqlalchemy.dialects.postgresql.psycopg2.PGExecutionContext_psycopg2'>>
statement = <sqlalchemy.dialects.postgresql.base.PGCompiler object at 0xffff6e2f38d0>
parameters = [{'column_name': 'nom', 'job_id': UUID('85d80b58-c856-4c94-881e-df9772da2be0'), 'params': {'visible_chars': 0}, 'sampl...555-0404', anonymized='450-***-****'), SampleTransformation(original='819-555-0505', anonymized='819-***-****')], ...}]
execution_options = immutabledict({'compiled_cache': <sqlalchemy.util._collections.LRUCache object at 0xffff6e2dd710>})
args = (<sqlalchemy.dialects.postgresql.base.PGCompiler object at 0xffff6e2f38d0>, [{'column_name': 'nom', 'job_id': UUID('85...(original='819-555-0505', anonymized='819-***-****')], ...}], <sqlalchemy.sql.dml.Insert object at 0xffff6e2f3650>, [])
kw = {'cache_hit': <CacheStats.CACHE_MISS: 1>}, yp = None
conn = <sqlalchemy.pool.base._ConnectionFairy object at 0xffff6e2a7e90>

    def _execute_context(
        self,
        dialect: Dialect,
        constructor: Callable[..., ExecutionContext],
        statement: Union[str, Compiled],
        parameters: Optional[_AnyMultiExecuteParams],
        execution_options: _ExecuteOptions,
        *args: Any,
        **kw: Any,
    ) -> CursorResult[Any]:
        """Create an :class:`.ExecutionContext` and execute, returning
        a :class:`_engine.CursorResult`."""
    
        if execution_options:
            yp = execution_options.get("yield_per", None)
            if yp:
                execution_options = execution_options.union(
                    {"stream_results": True, "max_row_buffer": yp}
                )
        try:
            conn = self._dbapi_connection
            if conn is None:
                conn = self._revalidate_connection()
    
>           context = constructor(
                dialect, self, conn, execution_options, *args, **kw
            )

/usr/local/lib/python3.11/site-packages/sqlalchemy/engine/base.py:1815: 
_ _ _ _ _ _ _ _ _ _ _ _ _ _ _ _ _ _ _ _ _ _ _ _ _ _ _ _ _ _ _ _ _ _ _ _ _ _ _ _ 
/usr/local/lib/python3.11/site-packages/sqlalchemy/engine/default.py:1528: in _init_compiled
    d_param = {
/usr/local/lib/python3.11/site-packages/sqlalchemy/engine/default.py:1530: in <dictcomp>
    flattened_processors[key](compiled_params[key])
/usr/local/lib/python3.11/site-packages/sqlalchemy/sql/sqltypes.py:2801: in process
    return json_serializer(value)
/usr/local/lib/python3.11/json/__init__.py:231: in dumps
    return _default_encoder.encode(obj)
/usr/local/lib/python3.11/json/encoder.py:200: in encode
    chunks = self.iterencode(o, _one_shot=True)
/usr/local/lib/python3.11/json/encoder.py:258: in iterencode
    return _iterencode(o, 0)
_ _ _ _ _ _ _ _ _ _ _ _ _ _ _ _ _ _ _ _ _ _ _ _ _ _ _ _ _ _ _ _ _ _ _ _ _ _ _ _ 

self = <json.encoder.JSONEncoder object at 0xffff8ffd0e50>
o = SampleTransformation(original='Tremblay', anonymized='********')

    def default(self, o):
        """Implement this method in a subclass such that it returns
        a serializable object for ``o``, or calls the base implementation
        (to raise a ``TypeError``).
    
        For example, to support arbitrary iterators, you could
        implement default like this::
    
            def default(self, o):
                try:
                    iterable = iter(o)
                except TypeError:
                    pass
                else:
                    return list(iterable)
                # Let the base class default method raise the TypeError
                return super().default(o)
    
        """
>       raise TypeError(f'Object of type {o.__class__.__name__} '
                        f'is not JSON serializable')
E       TypeError: Object of type SampleTransformation is not JSON serializable

/usr/local/lib/python3.11/json/encoder.py:180: TypeError

The above exception was the direct cause of the following exception:

self = <tests.test_e2e_workflow.TestE2EWorkflow object at 0xffff6fac7290>
test_csv_path = PosixPath('/app/tests/fixtures/test_data.csv')

    @pytest.mark.asyncio
    async def test_complete_workflow(self, test_csv_path: Path):
        """
        Test complete workflow:
        1. Upload CSV file
        2. Detect sensitive data
        3. Anonymize dataset
        4. Assess risk (before and after)
        5. Download anonymized CSV
        6. Generate PDF compliance report
        """
        transport = ASGITransport(app=app)
        async with AsyncClient(transport=transport, base_url="http://test") as client:
            # Step 1: Upload CSV file
            print("\n=== Step 1: Upload CSV ===")
            with open(test_csv_path, "rb") as f:
                upload_response = await client.post(
                    "/api/v1/datasets/upload",
                    files={"file": ("test_data.csv", f, "text/csv")},
                )
    
            assert upload_response.status_code == 201
            dataset = upload_response.json()
            dataset_id = dataset["id"]
    
            print(f"✓ Dataset uploaded: {dataset_id}")
            print(f"  - Rows: {dataset['row_count']}")
            print(f"  - Columns: {dataset['column_count']}")
    
            assert dataset["row_count"] == 10
            assert dataset["column_count"] == 13
            assert dataset["is_anonymized"] is False
    
            # Step 2: Detect sensitive data
            print("\n=== Step 2: Detect Sensitive Data ===")
            detection_response = await client.post(
                f"/api/v1/datasets/{dataset_id}/detect"
            )
    
            assert detection_response.status_code == 200
            detection = detection_response.json()
    
            print(f"✓ Detection completed:")
            print(f"  - Direct identifiers: {detection['summary']['direct_identifier']}")
            print(f"  - Quasi-identifiers: {detection['summary']['quasi_identifier']}")
            print(f"  - Sensitive: {detection['summary']['sensitive']}")
            print(f"  - Overall risk: {detection['overall_risk_score']:.1f}%")
    
            # Verify expected detections
            assert detection["summary"]["direct_identifier"] >= 4  # NAS, email, phone, names
            assert detection["summary"]["quasi_identifier"] >= 2  # DOB, postal code
            assert detection["overall_risk_score"] > 20  # Should be non-compliant
    
            # Step 3: Assess risk before anonymization
            print("\n=== Step 3: Assess Risk (Before) ===")
            risk_before_response = await client.get(
                f"/api/v1/datasets/{dataset_id}/risk-assessment"
            )
    
            assert risk_before_response.status_code == 200
            risk_before = risk_before_response.json()
    
            print(f"✓ Risk assessment (before):")
            print(f"  - Overall score: {risk_before['overall_score']:.1f}%")
            print(f"  - Individualization: {risk_before['individualization']['score']:.1f}%")
            print(f"  - Correlation: {risk_before['correlation']['score']:.1f}%")
            print(f"  - Inference: {risk_before['inference']['score']:.1f}%")
            print(f"  - Law 25 compliant: {risk_before['is_loi25_compliant']}")
    
            # Should be non-compliant
            assert risk_before["is_loi25_compliant"] is False
    
            # Step 4: Anonymize dataset
            print("\n=== Step 4: Anonymize Dataset ===")
            anonymization_config = [
                {"column_name": "nom", "technique": "masking", "params": {"visible_chars": 0}},
                {"column_name": "prenom", "technique": "masking", "params": {"visible_chars": 0}},
                {"column_name": "email", "technique": "masking", "params": {"visible_chars": 2}},
                {"column_name": "telephone", "technique": "masking", "params": {"visible_chars": 2}},
                {"column_name": "nas", "technique": "suppression", "params": {}},
                {"column_name": "date_naissance", "technique": "generalization", "params": {"bins": 5}},
                {"column_name": "code_postal", "technique": "generalization", "params": {"bins": 5}},
                {"column_name": "revenu_annuel", "technique": "generalization", "params": {"bins": 5}},
                {"column_name": "solde_compte", "technique": "generalization", "params": {"bins": 5}},
            ]
    
>           anonymization_response = await client.post(
                f"/api/v1/datasets/{dataset_id}/anonymize",
                json=anonymization_config,
            )

tests/test_e2e_workflow.py:122: 
_ _ _ _ _ _ _ _ _ _ _ _ _ _ _ _ _ _ _ _ _ _ _ _ _ _ _ _ _ _ _ _ _ _ _ _ _ _ _ _ 
/usr/local/lib/python3.11/site-packages/httpx/_client.py:1905: in post
    return await self.request(
/usr/local/lib/python3.11/site-packages/httpx/_client.py:1585: in request
    return await self.send(request, auth=auth, follow_redirects=follow_redirects)
/usr/local/lib/python3.11/site-packages/httpx/_client.py:1674: in send
    response = await self._send_handling_auth(
/usr/local/lib/python3.11/site-packages/httpx/_client.py:1702: in _send_handling_auth
    response = await self._send_handling_redirects(
/usr/local/lib/python3.11/site-packages/httpx/_client.py:1739: in _send_handling_redirects
    response = await self._send_single_request(request)
/usr/local/lib/python3.11/site-packages/httpx/_client.py:1776: in _send_single_request
    response = await transport.handle_async_request(request)
/usr/local/lib/python3.11/site-packages/httpx/_transports/asgi.py:157: in handle_async_request
    await self.app(scope, receive, send)
/usr/local/lib/python3.11/site-packages/fastapi/applications.py:1054: in __call__
    await super().__call__(scope, receive, send)
/usr/local/lib/python3.11/site-packages/starlette/applications.py:123: in __call__
    await self.middleware_stack(scope, receive, send)
/usr/local/lib/python3.11/site-packages/starlette/middleware/errors.py:186: in __call__
    raise exc
/usr/local/lib/python3.11/site-packages/starlette/middleware/errors.py:164: in __call__
    await self.app(scope, receive, _send)
/usr/local/lib/python3.11/site-packages/starlette/middleware/cors.py:83: in __call__
    await self.app(scope, receive, send)
/usr/local/lib/python3.11/site-packages/starlette/middleware/exceptions.py:62: in __call__
    await wrap_app_handling_exceptions(self.app, conn)(scope, receive, send)
/usr/local/lib/python3.11/site-packages/starlette/_exception_handler.py:64: in wrapped_app
    raise exc
/usr/local/lib/python3.11/site-packages/starlette/_exception_handler.py:53: in wrapped_app
    await app(scope, receive, sender)
/usr/local/lib/python3.11/site-packages/starlette/routing.py:758: in __call__
    await self.middleware_stack(scope, receive, send)
/usr/local/lib/python3.11/site-packages/starlette/routing.py:778: in app
    await route.handle(scope, receive, send)
/usr/local/lib/python3.11/site-packages/starlette/routing.py:299: in handle
    await self.app(scope, receive, send)
/usr/local/lib/python3.11/site-packages/starlette/routing.py:79: in app
    await wrap_app_handling_exceptions(app, request)(scope, receive, send)
/usr/local/lib/python3.11/site-packages/starlette/_exception_handler.py:64: in wrapped_app
    raise exc
/usr/local/lib/python3.11/site-packages/starlette/_exception_handler.py:53: in wrapped_app
    await app(scope, receive, sender)
/usr/local/lib/python3.11/site-packages/starlette/routing.py:74: in app
    response = await func(request)
/usr/local/lib/python3.11/site-packages/fastapi/routing.py:299: in app
    raise e
/usr/local/lib/python3.11/site-packages/fastapi/routing.py:294: in app
    raw_response = await run_endpoint_function(
/usr/local/lib/python3.11/site-packages/fastapi/routing.py:191: in run_endpoint_function
    return await dependant.call(**values)
app/api/v1/endpoints/anonymization.py:81: in anonymize_dataset
    return await anonymizer.anonymize_dataset(dataset_id, config)
app/services/anonymizer.py:90: in anonymize_dataset
    df, transformation = self._apply_technique(
app/services/anonymizer.py:224: in _apply_technique
    df = self._suppress_column(df, column, job_id, dataset_id)
app/services/anonymizer.py:496: in _suppress_column
    self.db.flush()  # Persist immediately
/usr/local/lib/python3.11/site-packages/sqlalchemy/orm/session.py:4331: in flush
    self._flush(objects)
/usr/local/lib/python3.11/site-packages/sqlalchemy/orm/session.py:4466: in _flush
    with util.safe_reraise():
/usr/local/lib/python3.11/site-packages/sqlalchemy/util/langhelpers.py:224: in __exit__
    raise exc_value.with_traceback(exc_tb)
/usr/local/lib/python3.11/site-packages/sqlalchemy/orm/session.py:4427: in _flush
    flush_context.execute()
/usr/local/lib/python3.11/site-packages/sqlalchemy/orm/unitofwork.py:466: in execute
    rec.execute(self)
/usr/local/lib/python3.11/site-packages/sqlalchemy/orm/unitofwork.py:642: in execute
    util.preloaded.orm_persistence.save_obj(
/usr/local/lib/python3.11/site-packages/sqlalchemy/orm/persistence.py:93: in save_obj
    _emit_insert_statements(
/usr/local/lib/python3.11/site-packages/sqlalchemy/orm/persistence.py:1143: in _emit_insert_statements
    result = connection.execute(
/usr/local/lib/python3.11/site-packages/sqlalchemy/engine/base.py:1419: in execute
    return meth(
/usr/local/lib/python3.11/site-packages/sqlalchemy/sql/elements.py:527: in _execute_on_connection
    return connection._execute_clauseelement(
/usr/local/lib/python3.11/site-packages/sqlalchemy/engine/base.py:1641: in _execute_clauseelement
    ret = self._execute_context(
/usr/local/lib/python3.11/site-packages/sqlalchemy/engine/base.py:1821: in _execute_context
    self._handle_dbapi_exception(
/usr/local/lib/python3.11/site-packages/sqlalchemy/engine/base.py:2363: in _handle_dbapi_exception
    raise sqlalchemy_exception.with_traceback(exc_info[2]) from e
/usr/local/lib/python3.11/site-packages/sqlalchemy/engine/base.py:1815: in _execute_context
    context = constructor(
/usr/local/lib/python3.11/site-packages/sqlalchemy/engine/default.py:1528: in _init_compiled
    d_param = {
/usr/local/lib/python3.11/site-packages/sqlalchemy/engine/default.py:1530: in <dictcomp>
    flattened_processors[key](compiled_params[key])
/usr/local/lib/python3.11/site-packages/sqlalchemy/sql/sqltypes.py:2801: in process
    return json_serializer(value)
/usr/local/lib/python3.11/json/__init__.py:231: in dumps
    return _default_encoder.encode(obj)
/usr/local/lib/python3.11/json/encoder.py:200: in encode
    chunks = self.iterencode(o, _one_shot=True)
/usr/local/lib/python3.11/json/encoder.py:258: in iterencode
    return _iterencode(o, 0)
_ _ _ _ _ _ _ _ _ _ _ _ _ _ _ _ _ _ _ _ _ _ _ _ _ _ _ _ _ _ _ _ _ _ _ _ _ _ _ _ 

self = <json.encoder.JSONEncoder object at 0xffff8ffd0e50>
o = SampleTransformation(original='Tremblay', anonymized='********')

    def default(self, o):
        """Implement this method in a subclass such that it returns
        a serializable object for ``o``, or calls the base implementation
        (to raise a ``TypeError``).
    
        For example, to support arbitrary iterators, you could
        implement default like this::
    
            def default(self, o):
                try:
                    iterable = iter(o)
                except TypeError:
                    pass
                else:
                    return list(iterable)
                # Let the base class default method raise the TypeError
                return super().default(o)
    
        """
>       raise TypeError(f'Object of type {o.__class__.__name__} '
                        f'is not JSON serializable')
E       sqlalchemy.exc.StatementError: (builtins.TypeError) Object of type SampleTransformation is not JSON serializable
E       [SQL: INSERT INTO transformation_logs (id, job_id, column_name, technique, params, values_affected, timestamp, sample_transformations) VALUES (%(id)s::UUID, %(job_id)s::UUID, %(column_name)s, %(technique)s, %(params)s::JSON, %(values_affected)s, %(timestamp)s, %(sample_transformations)s::JSON)]
E       [parameters: [{'values_affected': 10, 'job_id': UUID('85d80b58-c856-4c94-881e-df9772da2be0'), 'technique': 'masking', 'sample_transformations': [SampleTransformatio ... (193 characters truncated) ... l='Cote', anonymized='****'), SampleTransformation(original='Bouchard', anonymized='********')], 'column_name': 'nom', 'params': {'visible_chars': 0}}, {'values_affected': 10, 'job_id': UUID('85d80b58-c856-4c94-881e-df9772da2be0'), 'technique': 'masking', 'sample_transformations': [SampleTransformatio ... (186 characters truncated) ... inal='Sophie', anonymized='******'), SampleTransformation(original='Luc', anonymized='***')], 'column_name': 'prenom', 'params': {'visible_chars': 0}}, {'values_affected': 10, 'job_id': UUID('85d80b58-c856-4c94-881e-df9772da2be0'), 'technique': 'masking', 'sample_transformations': [SampleTransformatio ... (359 characters truncated) ... leTransformation(original='luc.bouchard@hotmail.com', anonymized='lu**********@ho*****.com')], 'column_name': 'email', 'params': {'visible_chars': 2}}, {'values_affected': 10, 'job_id': UUID('85d80b58-c856-4c94-881e-df9772da2be0'), 'technique': 'masking', 'sample_transformations': [SampleTransformatio ... (261 characters truncated) ... 450-***-****'), SampleTransformation(original='819-555-0505', anonymized='819-***-****')], 'column_name': 'telephone', 'params': {'visible_chars': 2}}]]

/usr/local/lib/python3.11/json/encoder.py:180: StatementError
------------------------------ Captured log call -------------------------------
ERROR    app.services.anonymizer:anonymizer.py:185 Error during anonymization job 85d80b58-c856-4c94-881e-df9772da2be0: (builtins.TypeError) Object of type SampleTransformation is not JSON serializable
[SQL: INSERT INTO transformation_logs (id, job_id, column_name, technique, params, values_affected, timestamp, sample_transformations) VALUES (%(id)s::UUID, %(job_id)s::UUID, %(column_name)s, %(technique)s, %(params)s::JSON, %(values_affected)s, %(timestamp)s, %(sample_transformations)s::JSON)]
[parameters: [{'values_affected': 10, 'job_id': UUID('85d80b58-c856-4c94-881e-df9772da2be0'), 'technique': 'masking', 'sample_transformations': [SampleTransformatio ... (193 characters truncated) ... l='Cote', anonymized='****'), SampleTransformation(original='Bouchard', anonymized='********')], 'column_name': 'nom', 'params': {'visible_chars': 0}}, {'values_affected': 10, 'job_id': UUID('85d80b58-c856-4c94-881e-df9772da2be0'), 'technique': 'masking', 'sample_transformations': [SampleTransformatio ... (186 characters truncated) ... inal='Sophie', anonymized='******'), SampleTransformation(original='Luc', anonymized='***')], 'column_name': 'prenom', 'params': {'visible_chars': 0}}, {'values_affected': 10, 'job_id': UUID('85d80b58-c856-4c94-881e-df9772da2be0'), 'technique': 'masking', 'sample_transformations': [SampleTransformatio ... (359 characters truncated) ... leTransformation(original='luc.bouchard@hotmail.com', anonymized='lu**********@ho*****.com')], 'column_name': 'email', 'params': {'visible_chars': 2}}, {'values_affected': 10, 'job_id': UUID('85d80b58-c856-4c94-881e-df9772da2be0'), 'technique': 'masking', 'sample_transformations': [SampleTransformatio ... (261 characters truncated) ... 450-***-****'), SampleTransformation(original='819-555-0505', anonymized='819-***-****')], 'column_name': 'telephone', 'params': {'visible_chars': 2}}]]
Traceback (most recent call last):
  File "/usr/local/lib/python3.11/site-packages/sqlalchemy/engine/base.py", line 1815, in _execute_context
    context = constructor(
              ^^^^^^^^^^^^
  File "/usr/local/lib/python3.11/site-packages/sqlalchemy/engine/default.py", line 1528, in _init_compiled
    d_param = {
              ^
  File "/usr/local/lib/python3.11/site-packages/sqlalchemy/engine/default.py", line 1530, in <dictcomp>
    flattened_processors[key](compiled_params[key])
  File "/usr/local/lib/python3.11/site-packages/sqlalchemy/sql/sqltypes.py", line 2801, in process
    return json_serializer(value)
           ^^^^^^^^^^^^^^^^^^^^^^
  File "/usr/local/lib/python3.11/json/__init__.py", line 231, in dumps
    return _default_encoder.encode(obj)
           ^^^^^^^^^^^^^^^^^^^^^^^^^^^^
  File "/usr/local/lib/python3.11/json/encoder.py", line 200, in encode
    chunks = self.iterencode(o, _one_shot=True)
             ^^^^^^^^^^^^^^^^^^^^^^^^^^^^^^^^^^
  File "/usr/local/lib/python3.11/json/encoder.py", line 258, in iterencode
    return _iterencode(o, 0)
           ^^^^^^^^^^^^^^^^^
  File "/usr/local/lib/python3.11/json/encoder.py", line 180, in default
    raise TypeError(f'Object of type {o.__class__.__name__} '
TypeError: Object of type SampleTransformation is not JSON serializable

The above exception was the direct cause of the following exception:

Traceback (most recent call last):
  File "/app/app/services/anonymizer.py", line 90, in anonymize_dataset
    df, transformation = self._apply_technique(
                         ^^^^^^^^^^^^^^^^^^^^^^
  File "/app/app/services/anonymizer.py", line 224, in _apply_technique
    df = self._suppress_column(df, column, job_id, dataset_id)
         ^^^^^^^^^^^^^^^^^^^^^^^^^^^^^^^^^^^^^^^^^^^^^^^^^^^^^
  File "/app/app/services/anonymizer.py", line 496, in _suppress_column
    self.db.flush()  # Persist immediately
    ^^^^^^^^^^^^^^^
  File "/usr/local/lib/python3.11/site-packages/sqlalchemy/orm/session.py", line 4331, in flush
    self._flush(objects)
  File "/usr/local/lib/python3.11/site-packages/sqlalchemy/orm/session.py", line 4466, in _flush
    with util.safe_reraise():
  File "/usr/local/lib/python3.11/site-packages/sqlalchemy/util/langhelpers.py", line 224, in __exit__
    raise exc_value.with_traceback(exc_tb)
  File "/usr/local/lib/python3.11/site-packages/sqlalchemy/orm/session.py", line 4427, in _flush
    flush_context.execute()
  File "/usr/local/lib/python3.11/site-packages/sqlalchemy/orm/unitofwork.py", line 466, in execute
    rec.execute(self)
  File "/usr/local/lib/python3.11/site-packages/sqlalchemy/orm/unitofwork.py", line 642, in execute
    util.preloaded.orm_persistence.save_obj(
  File "/usr/local/lib/python3.11/site-packages/sqlalchemy/orm/persistence.py", line 93, in save_obj
    _emit_insert_statements(
  File "/usr/local/lib/python3.11/site-packages/sqlalchemy/orm/persistence.py", line 1143, in _emit_insert_statements
    result = connection.execute(
             ^^^^^^^^^^^^^^^^^^^
  File "/usr/local/lib/python3.11/site-packages/sqlalchemy/engine/base.py", line 1419, in execute
    return meth(
           ^^^^^
  File "/usr/local/lib/python3.11/site-packages/sqlalchemy/sql/elements.py", line 527, in _execute_on_connection
    return connection._execute_clauseelement(
           ^^^^^^^^^^^^^^^^^^^^^^^^^^^^^^^^^^
  File "/usr/local/lib/python3.11/site-packages/sqlalchemy/engine/base.py", line 1641, in _execute_clauseelement
    ret = self._execute_context(
          ^^^^^^^^^^^^^^^^^^^^^^
  File "/usr/local/lib/python3.11/site-packages/sqlalchemy/engine/base.py", line 1821, in _execute_context
    self._handle_dbapi_exception(
  File "/usr/local/lib/python3.11/site-packages/sqlalchemy/engine/base.py", line 2363, in _handle_dbapi_exception
    raise sqlalchemy_exception.with_traceback(exc_info[2]) from e
  File "/usr/local/lib/python3.11/site-packages/sqlalchemy/engine/base.py", line 1815, in _execute_context
    context = constructor(
              ^^^^^^^^^^^^
  File "/usr/local/lib/python3.11/site-packages/sqlalchemy/engine/default.py", line 1528, in _init_compiled
    d_param = {
              ^
  File "/usr/local/lib/python3.11/site-packages/sqlalchemy/engine/default.py", line 1530, in <dictcomp>
    flattened_processors[key](compiled_params[key])
  File "/usr/local/lib/python3.11/site-packages/sqlalchemy/sql/sqltypes.py", line 2801, in process
    return json_serializer(value)
           ^^^^^^^^^^^^^^^^^^^^^^
  File "/usr/local/lib/python3.11/json/__init__.py", line 231, in dumps
    return _default_encoder.encode(obj)
           ^^^^^^^^^^^^^^^^^^^^^^^^^^^^
  File "/usr/local/lib/python3.11/json/encoder.py", line 200, in encode
    chunks = self.iterencode(o, _one_shot=True)
             ^^^^^^^^^^^^^^^^^^^^^^^^^^^^^^^^^^
  File "/usr/local/lib/python3.11/json/encoder.py", line 258, in iterencode
    return _iterencode(o, 0)
           ^^^^^^^^^^^^^^^^^
  File "/usr/local/lib/python3.11/json/encoder.py", line 180, in default
    raise TypeError(f'Object of type {o.__class__.__name__} '
sqlalchemy.exc.StatementError: (builtins.TypeError) Object of type SampleTransformation is not JSON serializable
[SQL: INSERT INTO transformation_logs (id, job_id, column_name, technique, params, values_affected, timestamp, sample_transformations) VALUES (%(id)s::UUID, %(job_id)s::UUID, %(column_name)s, %(technique)s, %(params)s::JSON, %(values_affected)s, %(timestamp)s, %(sample_transformations)s::JSON)]
[parameters: [{'values_affected': 10, 'job_id': UUID('85d80b58-c856-4c94-881e-df9772da2be0'), 'technique': 'masking', 'sample_transformations': [SampleTransformatio ... (193 characters truncated) ... l='Cote', anonymized='****'), SampleTransformation(original='Bouchard', anonymized='********')], 'column_name': 'nom', 'params': {'visible_chars': 0}}, {'values_affected': 10, 'job_id': UUID('85d80b58-c856-4c94-881e-df9772da2be0'), 'technique': 'masking', 'sample_transformations': [SampleTransformatio ... (186 characters truncated) ... inal='Sophie', anonymized='******'), SampleTransformation(original='Luc', anonymized='***')], 'column_name': 'prenom', 'params': {'visible_chars': 0}}, {'values_affected': 10, 'job_id': UUID('85d80b58-c856-4c94-881e-df9772da2be0'), 'technique': 'masking', 'sample_transformations': [SampleTransformatio ... (359 characters truncated) ... leTransformation(original='luc.bouchard@hotmail.com', anonymized='lu**********@ho*****.com')], 'column_name': 'email', 'params': {'visible_chars': 2}}, {'values_affected': 10, 'job_id': UUID('85d80b58-c856-4c94-881e-df9772da2be0'), 'technique': 'masking', 'sample_transformations': [SampleTransformatio ... (261 characters truncated) ... 450-***-****'), SampleTransformation(original='819-555-0505', anonymized='819-***-****')], 'column_name': 'telephone', 'params': {'visible_chars': 2}}]]
ERROR    app.main:main.py:39 Unhandled exception: (builtins.TypeError) Object of type SampleTransformation is not JSON serializable
[SQL: INSERT INTO transformation_logs (id, job_id, column_name, technique, params, values_affected, timestamp, sample_transformations) VALUES (%(id)s::UUID, %(job_id)s::UUID, %(column_name)s, %(technique)s, %(params)s::JSON, %(values_affected)s, %(timestamp)s, %(sample_transformations)s::JSON)]
[parameters: [{'values_affected': 10, 'job_id': UUID('85d80b58-c856-4c94-881e-df9772da2be0'), 'technique': 'masking', 'sample_transformations': [SampleTransformatio ... (193 characters truncated) ... l='Cote', anonymized='****'), SampleTransformation(original='Bouchard', anonymized='********')], 'column_name': 'nom', 'params': {'visible_chars': 0}}, {'values_affected': 10, 'job_id': UUID('85d80b58-c856-4c94-881e-df9772da2be0'), 'technique': 'masking', 'sample_transformations': [SampleTransformatio ... (186 characters truncated) ... inal='Sophie', anonymized='******'), SampleTransformation(original='Luc', anonymized='***')], 'column_name': 'prenom', 'params': {'visible_chars': 0}}, {'values_affected': 10, 'job_id': UUID('85d80b58-c856-4c94-881e-df9772da2be0'), 'technique': 'masking', 'sample_transformations': [SampleTransformatio ... (359 characters truncated) ... leTransformation(original='luc.bouchard@hotmail.com', anonymized='lu**********@ho*****.com')], 'column_name': 'email', 'params': {'visible_chars': 2}}, {'values_affected': 10, 'job_id': UUID('85d80b58-c856-4c94-881e-df9772da2be0'), 'technique': 'masking', 'sample_transformations': [SampleTransformatio ... (261 characters truncated) ... 450-***-****'), SampleTransformation(original='819-555-0505', anonymized='819-***-****')], 'column_name': 'telephone', 'params': {'visible_chars': 2}}]]
Traceback (most recent call last):
  File "/usr/local/lib/python3.11/site-packages/sqlalchemy/engine/base.py", line 1815, in _execute_context
    context = constructor(
              ^^^^^^^^^^^^
  File "/usr/local/lib/python3.11/site-packages/sqlalchemy/engine/default.py", line 1528, in _init_compiled
    d_param = {
              ^
  File "/usr/local/lib/python3.11/site-packages/sqlalchemy/engine/default.py", line 1530, in <dictcomp>
    flattened_processors[key](compiled_params[key])
  File "/usr/local/lib/python3.11/site-packages/sqlalchemy/sql/sqltypes.py", line 2801, in process
    return json_serializer(value)
           ^^^^^^^^^^^^^^^^^^^^^^
  File "/usr/local/lib/python3.11/json/__init__.py", line 231, in dumps
    return _default_encoder.encode(obj)
           ^^^^^^^^^^^^^^^^^^^^^^^^^^^^
  File "/usr/local/lib/python3.11/json/encoder.py", line 200, in encode
    chunks = self.iterencode(o, _one_shot=True)
             ^^^^^^^^^^^^^^^^^^^^^^^^^^^^^^^^^^
  File "/usr/local/lib/python3.11/json/encoder.py", line 258, in iterencode
    return _iterencode(o, 0)
           ^^^^^^^^^^^^^^^^^
  File "/usr/local/lib/python3.11/json/encoder.py", line 180, in default
    raise TypeError(f'Object of type {o.__class__.__name__} '
TypeError: Object of type SampleTransformation is not JSON serializable

The above exception was the direct cause of the following exception:

Traceback (most recent call last):
  File "/usr/local/lib/python3.11/site-packages/starlette/middleware/errors.py", line 164, in __call__
    await self.app(scope, receive, _send)
  File "/usr/local/lib/python3.11/site-packages/starlette/middleware/cors.py", line 83, in __call__
    await self.app(scope, receive, send)
  File "/usr/local/lib/python3.11/site-packages/starlette/middleware/exceptions.py", line 62, in __call__
    await wrap_app_handling_exceptions(self.app, conn)(scope, receive, send)
  File "/usr/local/lib/python3.11/site-packages/starlette/_exception_handler.py", line 64, in wrapped_app
    raise exc
  File "/usr/local/lib/python3.11/site-packages/starlette/_exception_handler.py", line 53, in wrapped_app
    await app(scope, receive, sender)
  File "/usr/local/lib/python3.11/site-packages/starlette/routing.py", line 758, in __call__
    await self.middleware_stack(scope, receive, send)
  File "/usr/local/lib/python3.11/site-packages/starlette/routing.py", line 778, in app
    await route.handle(scope, receive, send)
  File "/usr/local/lib/python3.11/site-packages/starlette/routing.py", line 299, in handle
    await self.app(scope, receive, send)
  File "/usr/local/lib/python3.11/site-packages/starlette/routing.py", line 79, in app
    await wrap_app_handling_exceptions(app, request)(scope, receive, send)
  File "/usr/local/lib/python3.11/site-packages/starlette/_exception_handler.py", line 64, in wrapped_app
    raise exc
  File "/usr/local/lib/python3.11/site-packages/starlette/_exception_handler.py", line 53, in wrapped_app
    await app(scope, receive, sender)
  File "/usr/local/lib/python3.11/site-packages/starlette/routing.py", line 74, in app
    response = await func(request)
               ^^^^^^^^^^^^^^^^^^^
  File "/usr/local/lib/python3.11/site-packages/fastapi/routing.py", line 299, in app
    raise e
  File "/usr/local/lib/python3.11/site-packages/fastapi/routing.py", line 294, in app
    raw_response = await run_endpoint_function(
                   ^^^^^^^^^^^^^^^^^^^^^^^^^^^^
  File "/usr/local/lib/python3.11/site-packages/fastapi/routing.py", line 191, in run_endpoint_function
    return await dependant.call(**values)
           ^^^^^^^^^^^^^^^^^^^^^^^^^^^^^^
  File "/app/app/api/v1/endpoints/anonymization.py", line 81, in anonymize_dataset
    return await anonymizer.anonymize_dataset(dataset_id, config)
           ^^^^^^^^^^^^^^^^^^^^^^^^^^^^^^^^^^^^^^^^^^^^^^^^^^^^^^
  File "/app/app/services/anonymizer.py", line 90, in anonymize_dataset
    df, transformation = self._apply_technique(
                         ^^^^^^^^^^^^^^^^^^^^^^
  File "/app/app/services/anonymizer.py", line 224, in _apply_technique
    df = self._suppress_column(df, column, job_id, dataset_id)
         ^^^^^^^^^^^^^^^^^^^^^^^^^^^^^^^^^^^^^^^^^^^^^^^^^^^^^
  File "/app/app/services/anonymizer.py", line 496, in _suppress_column
    self.db.flush()  # Persist immediately
    ^^^^^^^^^^^^^^^
  File "/usr/local/lib/python3.11/site-packages/sqlalchemy/orm/session.py", line 4331, in flush
    self._flush(objects)
  File "/usr/local/lib/python3.11/site-packages/sqlalchemy/orm/session.py", line 4466, in _flush
    with util.safe_reraise():
  File "/usr/local/lib/python3.11/site-packages/sqlalchemy/util/langhelpers.py", line 224, in __exit__
    raise exc_value.with_traceback(exc_tb)
  File "/usr/local/lib/python3.11/site-packages/sqlalchemy/orm/session.py", line 4427, in _flush
    flush_context.execute()
  File "/usr/local/lib/python3.11/site-packages/sqlalchemy/orm/unitofwork.py", line 466, in execute
    rec.execute(self)
  File "/usr/local/lib/python3.11/site-packages/sqlalchemy/orm/unitofwork.py", line 642, in execute
    util.preloaded.orm_persistence.save_obj(
  File "/usr/local/lib/python3.11/site-packages/sqlalchemy/orm/persistence.py", line 93, in save_obj
    _emit_insert_statements(
  File "/usr/local/lib/python3.11/site-packages/sqlalchemy/orm/persistence.py", line 1143, in _emit_insert_statements
    result = connection.execute(
             ^^^^^^^^^^^^^^^^^^^
  File "/usr/local/lib/python3.11/site-packages/sqlalchemy/engine/base.py", line 1419, in execute
    return meth(
           ^^^^^
  File "/usr/local/lib/python3.11/site-packages/sqlalchemy/sql/elements.py", line 527, in _execute_on_connection
    return connection._execute_clauseelement(
           ^^^^^^^^^^^^^^^^^^^^^^^^^^^^^^^^^^
  File "/usr/local/lib/python3.11/site-packages/sqlalchemy/engine/base.py", line 1641, in _execute_clauseelement
    ret = self._execute_context(
          ^^^^^^^^^^^^^^^^^^^^^^
  File "/usr/local/lib/python3.11/site-packages/sqlalchemy/engine/base.py", line 1821, in _execute_context
    self._handle_dbapi_exception(
  File "/usr/local/lib/python3.11/site-packages/sqlalchemy/engine/base.py", line 2363, in _handle_dbapi_exception
    raise sqlalchemy_exception.with_traceback(exc_info[2]) from e
  File "/usr/local/lib/python3.11/site-packages/sqlalchemy/engine/base.py", line 1815, in _execute_context
    context = constructor(
              ^^^^^^^^^^^^
  File "/usr/local/lib/python3.11/site-packages/sqlalchemy/engine/default.py", line 1528, in _init_compiled
    d_param = {
              ^
  File "/usr/local/lib/python3.11/site-packages/sqlalchemy/engine/default.py", line 1530, in <dictcomp>
    flattened_processors[key](compiled_params[key])
  File "/usr/local/lib/python3.11/site-packages/sqlalchemy/sql/sqltypes.py", line 2801, in process
    return json_serializer(value)
           ^^^^^^^^^^^^^^^^^^^^^^
  File "/usr/local/lib/python3.11/json/__init__.py", line 231, in dumps
    return _default_encoder.encode(obj)
           ^^^^^^^^^^^^^^^^^^^^^^^^^^^^
  File "/usr/local/lib/python3.11/json/encoder.py", line 200, in encode
    chunks = self.iterencode(o, _one_shot=True)
             ^^^^^^^^^^^^^^^^^^^^^^^^^^^^^^^^^^
  File "/usr/local/lib/python3.11/json/encoder.py", line 258, in iterencode
    return _iterencode(o, 0)
           ^^^^^^^^^^^^^^^^^
  File "/usr/local/lib/python3.11/json/encoder.py", line 180, in default
    raise TypeError(f'Object of type {o.__class__.__name__} '
sqlalchemy.exc.StatementError: (builtins.TypeError) Object of type SampleTransformation is not JSON serializable
[SQL: INSERT INTO transformation_logs (id, job_id, column_name, technique, params, values_affected, timestamp, sample_transformations) VALUES (%(id)s::UUID, %(job_id)s::UUID, %(column_name)s, %(technique)s, %(params)s::JSON, %(values_affected)s, %(timestamp)s, %(sample_transformations)s::JSON)]
[parameters: [{'values_affected': 10, 'job_id': UUID('85d80b58-c856-4c94-881e-df9772da2be0'), 'technique': 'masking', 'sample_transformations': [SampleTransformatio ... (193 characters truncated) ... l='Cote', anonymized='****'), SampleTransformation(original='Bouchard', anonymized='********')], 'column_name': 'nom', 'params': {'visible_chars': 0}}, {'values_affected': 10, 'job_id': UUID('85d80b58-c856-4c94-881e-df9772da2be0'), 'technique': 'masking', 'sample_transformations': [SampleTransformatio ... (186 characters truncated) ... inal='Sophie', anonymized='******'), SampleTransformation(original='Luc', anonymized='***')], 'column_name': 'prenom', 'params': {'visible_chars': 0}}, {'values_affected': 10, 'job_id': UUID('85d80b58-c856-4c94-881e-df9772da2be0'), 'technique': 'masking', 'sample_transformations': [SampleTransformatio ... (359 characters truncated) ... leTransformation(original='luc.bouchard@hotmail.com', anonymized='lu**********@ho*****.com')], 'column_name': 'email', 'params': {'visible_chars': 2}}, {'values_affected': 10, 'job_id': UUID('85d80b58-c856-4c94-881e-df9772da2be0'), 'technique': 'masking', 'sample_transformations': [SampleTransformatio ... (261 characters truncated) ... 450-***-****'), SampleTransformation(original='819-555-0505', anonymized='819-***-****')], 'column_name': 'telephone', 'params': {'visible_chars': 2}}]]
=============================== warnings summary ===============================
app/core/database.py:21
  /app/app/core/database.py:21: MovedIn20Warning: The ``declarative_base()`` function is now available as sqlalchemy.orm.declarative_base(). (deprecated since: 2.0) (Background on SQLAlchemy 2.0 at: https://sqlalche.me/e/b8d9)
    Base = declarative_base()

../usr/local/lib/python3.11/site-packages/passlib/utils/__init__.py:854
  /usr/local/lib/python3.11/site-packages/passlib/utils/__init__.py:854: DeprecationWarning: 'crypt' is deprecated and slated for removal in Python 3.13
    from crypt import crypt as _crypt

tests/test_e2e_workflow.py: 111 warnings
  /app/app/models/schemas.py:44: PydanticDeprecatedSince211: Accessing the 'model_fields' attribute on the instance is deprecated. Instead, you should access this attribute from the model class. Deprecated in Pydantic V2.11 to be removed in V3.0.
    for field_name in self.model_fields:

tests/test_e2e_workflow.py: 104 warnings
  /app/app/models/schemas.py:19: PydanticDeprecatedSince211: Accessing the 'model_fields' attribute on the instance is deprecated. Instead, you should access this attribute from the model class. Deprecated in Pydantic V2.11 to be removed in V3.0.
    if hasattr(obj, "model_fields"):

-- Docs: https://docs.pytest.org/en/stable/how-to/capture-warnings.html
=========================== short test summary info ============================
FAILED tests/test_e2e_workflow.py::TestE2EWorkflow::test_complete_workflow - ...
======================= 1 failed, 217 warnings in 0.81s ========================
